// Jest Snapshot v1, https://goo.gl/fbAQLP

exports[`Should render List Item for specific expense 1`] = `
<Link
  className="list-item"
  to="/edit/2"
>
  <div>
    <h3
      className="list-item__title"
    >
      Rent
    </h3>
    <span
      className="list-item__sub-title"
    >
      28.12.1969
    </span>
  </div>
  <h3
    className="list-item__data"
  >
    $2,950.00
  </h3>
</Link>
`;
